// Jest Snapshot v1, https://goo.gl/fbAQLP

exports[`Medwing Map Searchable component should render correctly 1`] = `ShallowWrapper {}`;
