// Jest Snapshot v1, https://goo.gl/fbAQLP

exports[`Medwing Map component should render correctly 1`] = `ShallowWrapper {}`;
